10:32:31 **** Auto Build of configuration Debug for project commands ****
make pre-build main-build 
a9-linaro-pre-build-step
' '
'Building file: ../src/main.c'
'Invoking: ARM v7 gcc compiler'
arm-none-eabi-gcc -Wall -O0 -g3 -c -fmessage-length=0 -MT"src/main.o" -mcpu=cortex-a9 -mfpu=vfpv3 -mfloat-abi=hard -I../../commands_bsp/ps7_cortexa9_0/include -MMD -MP -MF"src/main.d" -MT"src/main.o" -o "src/main.o" "../src/main.c"
../src/main.c: In function 'GreenLedTask':
../src/main.c:384:25: warning: unused variable 'rotatedVal' [-Wunused-variable]
  u8 greenLedsValue = 0, rotatedVal;
                         ^~~~~~~~~~
'Finished building: ../src/main.c'
' '
'Building file: ../src/pmodkypd.c'
'Invoking: ARM v7 gcc compiler'
arm-none-eabi-gcc -Wall -O0 -g3 -c -fmessage-length=0 -MT"src/pmodkypd.o" -mcpu=cortex-a9 -mfpu=vfpv3 -mfloat-abi=hard -I../../commands_bsp/ps7_cortexa9_0/include -MMD -MP -MF"src/pmodkypd.d" -MT"src/pmodkypd.o" -o "src/pmodkypd.o" "../src/pmodkypd.c"
'Finished building: ../src/pmodkypd.c'
' '
'Building target: commands.elf'
'Invoking: ARM v7 gcc linker'
arm-none-eabi-gcc -mcpu=cortex-a9 -mfpu=vfpv3 -mfloat-abi=hard -Wl,-build-id=none -specs=Xilinx.spec -Wl,-T -Wl,../src/lscript.ld -L../../commands_bsp/ps7_cortexa9_0/lib -o "commands.elf"  ./src/main.o ./src/pmodkypd.o   -Wl,--start-group,-lxil,-lfreertos,-lgcc,-lc,--end-group
'Finished building target: commands.elf'
' '
'Invoking: ARM v7 Print Size'
arm-none-eabi-size commands.elf  |tee "commands.elf.size"
   text	   data	    bss	    dec	    hex	filename
  84932	   3432	  89520	 177884	  2b6dc	commands.elf
'Finished building: commands.elf.size'
' '

10:32:32 Build Finished (took 1s.213ms)

