10:33:26 **** Auto Build of configuration Debug for project lab_1_template ****
make pre-build main-build 
a9-linaro-pre-build-step
' '
'Building file: ../src/main.c'
'Invoking: ARM v7 gcc compiler'
arm-none-eabi-gcc -Wall -O0 -g3 -c -fmessage-length=0 -MT"src/main.o" -mcpu=cortex-a9 -mfpu=vfpv3 -mfloat-abi=hard -I../../lab_1_template_bsp/ps7_cortexa9_0/include -MMD -MP -MF"src/main.d" -MT"src/main.o" -o "src/main.o" "../src/main.c"
'Finished building: ../src/main.c'
' '
'Building file: ../src/pmodkypd.c'
'Invoking: ARM v7 gcc compiler'
arm-none-eabi-gcc -Wall -O0 -g3 -c -fmessage-length=0 -MT"src/pmodkypd.o" -mcpu=cortex-a9 -mfpu=vfpv3 -mfloat-abi=hard -I../../lab_1_template_bsp/ps7_cortexa9_0/include -MMD -MP -MF"src/pmodkypd.d" -MT"src/pmodkypd.o" -o "src/pmodkypd.o" "../src/pmodkypd.c"
'Finished building: ../src/pmodkypd.c'
' '
'Building target: lab_1_template.elf'
'Invoking: ARM v7 gcc linker'
arm-none-eabi-gcc -mcpu=cortex-a9 -mfpu=vfpv3 -mfloat-abi=hard -Wl,-build-id=none -specs=Xilinx.spec -Wl,-T -Wl,../src/lscript.ld -L../../lab_1_template_bsp/ps7_cortexa9_0/lib -o "lab_1_template.elf"  ./src/main.o ./src/pmodkypd.o   -Wl,--start-group,-lxil,-lfreertos,-lgcc,-lc,--end-group
'Finished building target: lab_1_template.elf'
' '
'Invoking: ARM v7 Print Size'
arm-none-eabi-size lab_1_template.elf  |tee "lab_1_template.elf.size"
   text	   data	    bss	    dec	    hex	filename
  80588	   3432	  89440	 173460	  2a594	lab_1_template.elf
'Finished building: lab_1_template.elf.size'
' '

10:33:27 Build Finished (took 1s.66ms)

